// Jest Snapshot v1, https://goo.gl/fbAQLP

exports[`header renders correctly 1`] = `
<div>
  <div>
    <h1>
      This is the unicorn site yo!
    </h1>
  </div>
  <ul>
    <li
      className="imageContainer"
    >
      <img
        alt="UniWhal"
        src="http://3.bp.blogspot.com/_DBYF1AdFaHw/TE-f0cDQ24I/AAAAAAAACZg/l-FdTZ6M7z8/s1600/Unicorn_and_Narwhal_by_dinglehopper.jpg"
      />
    </li>
    <li
      className="imageContainer"
    >
      <img
        alt="Rhino Family"
        src="https://images.unsplash.com/photo-1512636618879-bbe79107e9e3?ixlib=rb-0.3.5&ixid=eyJhcHBfaWQiOjEyMDd9&s=bd9460ee6d1ddbb6b1ca7be86dfc4590&auto=format&fit=crop&w=1825&q=80"
      />
    </li>
    <li
      className="imageContainer"
    >
      <img
        alt="Unicorn Head"
        src="https://www.dhresource.com/0x0s/f2-albu-g5-M00-1A-11-rBVaI1hsIIiALxKzAAIHjSU3VkE490.jpg/wholesale-halloween-costume-prop-unicorn.jpg"
      />
    </li>
    <li
      className="imageContainer"
    >
      <img
        alt="UniLego"
        src="https://images.unsplash.com/photo-1518946222227-364f22132616?ixlib=rb-0.3.5&ixid=eyJhcHBfaWQiOjEyMDd9&s=4836a6fca62e7dce9324346bacfde085&auto=format&fit=crop&w=2534&q=80"
      />
    </li>
    <li
      className="imageContainer"
    >
      <img
        alt="Basically a unicorn"
        src="https://i.pinimg.com/736x/b4/61/06/b46106830b841017ea59870b27ec18dc--narwhals-a-unicorn.jpg"
      />
    </li>
    <li
      className="imageContainer"
    >
      <img
        alt="#truth"
        src="https://i.pinimg.com/originals/16/cf/2a/16cf2a0b3fd51b9bee08bb6296193b75.jpg"
      />
    </li>
    <li
      className="imageContainer"
    >
      <img
        alt="Baby Rhino"
        src="https://secure.img1-ag.wfcdn.com/im/17007094/resize-h800%5Ecompr-r85/3589/35892451/Baby+Rhino+Figurine.jpg"
      />
    </li>
    <li
      className="imageContainer"
    >
      <img
        alt="Cera"
        src="https://vignette.wikia.nocookie.net/landbeforetime/images/c/c3/Cera_infobox.png/revision/latest?cb=20180422005003"
      />
    </li>
    <li
      className="imageContainer"
    >
      <img
        alt="Narwhal costume"
        src="https://ae01.alicdn.com/kf/HTB18GwSQVXXXXaZaXXXq6xXFXXXh/Animal-Cosplay-Costume-Narwhal-Onesie-Mens-Womens-Cartoon-Whale-Pajamas.jpg"
      />
    </li>
    <li
      className="imageContainer"
    >
      <img
        alt="Rhino costume"
        src="https://www.shopmascot.com/image/cache/mascotnew/new196-800x800.jpg"
      />
    </li>
    <li
      className="imageContainer"
    >
      <img
        alt="Believe"
        src="https://www.tinselbox.com/wp-content/uploads/2018/03/I-BELIEVE-IN-UNICORNS-FREE-PRINTABLE-WATERCOLOR-7-of-1.jpg"
      />
    </li>
    <li
      className="imageContainer"
    >
      <img
        alt="Markhor"
        src="https://upload.wikimedia.org/wikipedia/commons/thumb/3/38/Markhor_Schraubenziege_Capra_falconeri_Zoo_Augsburg-02.jpg/220px-Markhor_Schraubenziege_Capra_falconeri_Zoo_Augsburg-02.jpg"
      />
    </li>
    <li
      className="imageContainer"
    >
      <img
        alt="Baby markhor"
        src="http://www.zooborns.com/.a/6a010535647bf3970b0223c84d5959200c-800wi"
      />
    </li>
    <li
      className="imageContainer"
    >
      <img
        alt="Mouflon"
        src="http://cdn.modernfarmer.com/wp-content/uploads/2014/08/28476658_9c97f35096_o.jpg"
      />
    </li>
    <li
      className="imageContainer"
    >
      <img
        alt="Addax"
        src="http://cdn.modernfarmer.com/wp-content/uploads/2014/08/addax.jpg"
      />
    </li>
    <li
      className="imageContainer"
    >
      <img
        alt="Baby mouflon"
        src="https://cbsnews3.cbsistatic.com/hub/i/r/2013/03/05/5b414225-a645-11e2-a3f0-029118418759/thumbnail/620x350/2d4cf24685b45c22912e64d2004fec8d/Baby_Mouflon_Wild_Sheep.jpg"
      />
    </li>
    <li
      className="imageContainer"
    >
      <img
        alt="Happy Jackson's Chameleon"
        src="http://cdn.modernfarmer.com/wp-content/uploads/2014/08/chameleon.jpg"
      />
    </li>
    <li
      className="imageContainer"
    >
      <img
        alt="Serious Jackson's Chameleon"
        src="https://imgc.allpostersimages.com/img/print/posters/dlillc-jackson-s-chameleon_a-G-13448768-14258384.jpg"
      />
    </li>
    <li
      className="imageContainer"
    >
      <img
        alt="Horned Lizard"
        src="https://www.nps.gov/band/learn/nature/images/short-horned-lizard-open-mouth-18.jpg?maxwidth=650&autorotate=false"
      />
    </li>
    <li
      className="imageContainer"
    >
      <img
        alt="Smaug"
        src="https://upload.wikimedia.org/wikipedia/commons/thumb/d/df/Smaug_par_David_Demaret.jpg/290px-Smaug_par_David_Demaret.jpg"
      />
    </li>
  </ul>
</div>
`;
